[2026-09-25T14:29:09.274+0000] {local_task_job_runner.py:120} INFO - ::group::Pre task execution logs
[2026-09-25T14:29:09.295+0000] {taskinstance.py:2076} INFO - Dependencies all met for dep_context=non-requeueable deps ti=<TaskInstance: update_db.core_tables manual__2026-09-25T14:29:04.517347+00:00 [queued]>
[2026-09-25T14:29:09.305+0000] {taskinstance.py:2076} INFO - Dependencies all met for dep_context=requeueable deps ti=<TaskInstance: update_db.core_tables manual__2026-09-25T14:29:04.517347+00:00 [queued]>
[2026-09-25T14:29:09.309+0000] {taskinstance.py:2306} INFO - Starting attempt 1 of 1
[2026-09-25T14:29:09.324+0000] {taskinstance.py:2330} INFO - Executing <Task(_PythonDecoratedOperator): core_tables> on 2026-09-25 14:29:04.517347+00:00
[2026-09-25T14:29:09.331+0000] {standard_task_runner.py:63} INFO - Started process 524 to run task
[2026-09-25T14:29:09.335+0000] {standard_task_runner.py:90} INFO - Running: ['airflow', 'tasks', 'run', 'update_db', 'core_tables', 'manual__2026-09-25T14:29:04.517347+00:00', '--job-id', '37', '--raw', '--subdir', 'DAGS_FOLDER/main.py', '--cfg-path', '/tmp/tmpho1c9kj4']
[2026-09-25T14:29:09.337+0000] {standard_task_runner.py:91} INFO - Job 37: Subtask core_tables
[2026-09-25T14:29:09.395+0000] {task_command.py:426} INFO - Running <TaskInstance: update_db.core_tables manual__2026-09-25T14:29:04.517347+00:00 [running]> on host 638804a4f8d7
[2026-09-25T14:29:09.479+0000] {taskinstance.py:2648} INFO - Exporting env vars: AIRFLOW_CTX_DAG_EMAIL='data@engineer.com' AIRFLOW_CTX_DAG_OWNER='data engineer' AIRFLOW_CTX_DAG_ID='update_db' AIRFLOW_CTX_TASK_ID='core_tables' AIRFLOW_CTX_EXECUTION_DATE='2026-09-25T14:29:04.517347+00:00' AIRFLOW_CTX_TRY_NUMBER='1' AIRFLOW_CTX_DAG_RUN_ID='manual__2026-09-25T14:29:04.517347+00:00'
[2026-09-25T14:29:09.483+0000] {taskinstance.py:430} INFO - ::endgroup::
[2026-09-25T14:29:09.493+0000] {base.py:84} INFO - Using connection ID 'postgres_db_yt_elt' for task execution.
[2026-09-25T14:29:09.518+0000] {data_modification.py:25} ERROR - Error inserting row with Video_ID: v9QtM6qnG50 - null value in column "Video_Type" of relation "yt_api" violates not-null constraint
DETAIL:  Failing row contains (v9QtM6qnG50, I Built A City To Save Kids From Illegal Labor, 2026-09-19 16:00:01, 00:19:03, null, 56674693, 1638223, 75065).

[2026-09-25T14:29:09.520+0000] {dwh.py:87} ERROR - An error occurred during the update of core table: null value in column "Video_Type" of relation "yt_api" violates not-null constraint
DETAIL:  Failing row contains (v9QtM6qnG50, I Built A City To Save Kids From Illegal Labor, 2026-09-19 16:00:01, 00:19:03, null, 56674693, 1638223, 75065).

[2026-09-25T14:29:09.522+0000] {taskinstance.py:441} INFO - ::group::Post task execution logs
[2026-09-25T14:29:09.524+0000] {taskinstance.py:2905} ERROR - Task failed with exception
Traceback (most recent call last):
  File "/home/airflow/.local/lib/python3.10/site-packages/airflow/models/taskinstance.py", line 465, in _execute_task
    result = _execute_callable(context=context, **execute_callable_kwargs)
  File "/home/airflow/.local/lib/python3.10/site-packages/airflow/models/taskinstance.py", line 432, in _execute_callable
    return execute_callable(context=context, **execute_callable_kwargs)
  File "/home/airflow/.local/lib/python3.10/site-packages/airflow/models/baseoperator.py", line 401, in wrapper
    return func(self, *args, **kwargs)
  File "/home/airflow/.local/lib/python3.10/site-packages/airflow/decorators/base.py", line 265, in execute
    return_value = super().execute(context)
  File "/home/airflow/.local/lib/python3.10/site-packages/airflow/models/baseoperator.py", line 401, in wrapper
    return func(self, *args, **kwargs)
  File "/home/airflow/.local/lib/python3.10/site-packages/airflow/operators/python.py", line 235, in execute
    return_value = self.execute_callable()
  File "/home/airflow/.local/lib/python3.10/site-packages/airflow/operators/python.py", line 252, in execute_callable
    return self.python_callable(*self.op_args, **self.op_kwargs)
  File "/opt/airflow/dags/datawarehouse/dwh.py", line 88, in core_tables
    raise e
  File "/opt/airflow/dags/datawarehouse/dwh.py", line 73, in core_tables
    insert_row(cur, conn, schema, transformed_row)
  File "/opt/airflow/dags/datawarehouse/data_modification.py", line 26, in insert_row
    raise e                                                                      # ✅
  File "/opt/airflow/dags/datawarehouse/data_modification.py", line 17, in insert_row
    cur.execute(
  File "/home/airflow/.local/lib/python3.10/site-packages/psycopg2/extras.py", line 236, in execute
    return super().execute(query, vars)
psycopg2.errors.NotNullViolation: null value in column "Video_Type" of relation "yt_api" violates not-null constraint
DETAIL:  Failing row contains (v9QtM6qnG50, I Built A City To Save Kids From Illegal Labor, 2026-09-19 16:00:01, 00:19:03, null, 56674693, 1638223, 75065).

[2026-09-25T14:29:09.562+0000] {taskinstance.py:1206} INFO - Marking task as FAILED. dag_id=update_db, task_id=core_tables, run_id=manual__2026-09-25T14:29:04.517347+00:00, execution_date=20260925T142904, start_date=20260925T142909, end_date=20260925T142909
[2026-09-25T14:29:09.576+0000] {standard_task_runner.py:110} ERROR - Failed to execute job 37 for task core_tables (null value in column "Video_Type" of relation "yt_api" violates not-null constraint
DETAIL:  Failing row contains (v9QtM6qnG50, I Built A City To Save Kids From Illegal Labor, 2026-09-19 16:00:01, 00:19:03, null, 56674693, 1638223, 75065).
; 524)
[2026-09-25T14:29:09.591+0000] {local_task_job_runner.py:240} INFO - Task exited with return code 1
[2026-09-25T14:29:09.607+0000] {taskinstance.py:3503} INFO - 0 downstream tasks scheduled from follow-on schedule check
[2026-09-25T14:29:09.612+0000] {local_task_job_runner.py:222} INFO - ::endgroup::
