[2026-09-26T06:38:47.695+0000] {processor.py:161} INFO - Started process (PID=52) to work on /opt/airflow/dags/main.py
[2026-09-26T06:38:47.699+0000] {processor.py:830} INFO - Processing file /opt/airflow/dags/main.py for tasks to queue
[2026-09-26T06:38:47.707+0000] {logging_mixin.py:188} INFO - [2026-09-26T06:38:47.706+0000] {dagbag.py:545} INFO - Filling up the DagBag from /opt/airflow/dags/main.py
[2026-09-26T06:38:48.080+0000] {processor.py:840} INFO - DAG(s) 'update_db' retrieved from /opt/airflow/dags/main.py
[2026-09-26T06:38:48.483+0000] {logging_mixin.py:188} INFO - [2026-09-26T06:38:48.482+0000] {dag.py:3096} INFO - Sync 1 DAGs
[2026-09-26T06:38:48.528+0000] {logging_mixin.py:188} INFO - [2026-09-26T06:38:48.527+0000] {dag.py:3954} INFO - Setting next_dagrun for update_db to 2026-09-25 12:00:00+00:00, run_after=2026-09-26 12:00:00+00:00
[2026-09-26T06:38:48.582+0000] {processor.py:183} INFO - Processing /opt/airflow/dags/main.py took 0.897 seconds
[2026-09-26T06:39:18.970+0000] {processor.py:161} INFO - Started process (PID=65) to work on /opt/airflow/dags/main.py
[2026-09-26T06:39:18.976+0000] {processor.py:830} INFO - Processing file /opt/airflow/dags/main.py for tasks to queue
[2026-09-26T06:39:18.981+0000] {logging_mixin.py:188} INFO - [2026-09-26T06:39:18.980+0000] {dagbag.py:545} INFO - Filling up the DagBag from /opt/airflow/dags/main.py
[2026-09-26T06:39:19.294+0000] {processor.py:840} INFO - DAG(s) 'update_db' retrieved from /opt/airflow/dags/main.py
[2026-09-26T06:39:19.335+0000] {logging_mixin.py:188} INFO - [2026-09-26T06:39:19.334+0000] {dag.py:3096} INFO - Sync 1 DAGs
[2026-09-26T06:39:19.366+0000] {logging_mixin.py:188} INFO - [2026-09-26T06:39:19.366+0000] {dag.py:3954} INFO - Setting next_dagrun for update_db to 2026-09-25 12:00:00+00:00, run_after=2026-09-26 12:00:00+00:00
[2026-09-26T06:39:19.393+0000] {processor.py:183} INFO - Processing /opt/airflow/dags/main.py took 0.435 seconds
[2026-09-26T06:39:49.752+0000] {processor.py:161} INFO - Started process (PID=72) to work on /opt/airflow/dags/main.py
[2026-09-26T06:39:49.755+0000] {processor.py:830} INFO - Processing file /opt/airflow/dags/main.py for tasks to queue
[2026-09-26T06:39:49.759+0000] {logging_mixin.py:188} INFO - [2026-09-26T06:39:49.759+0000] {dagbag.py:545} INFO - Filling up the DagBag from /opt/airflow/dags/main.py
[2026-09-26T06:39:50.047+0000] {processor.py:840} INFO - DAG(s) 'update_db' retrieved from /opt/airflow/dags/main.py
[2026-09-26T06:39:50.076+0000] {logging_mixin.py:188} INFO - [2026-09-26T06:39:50.076+0000] {dag.py:3096} INFO - Sync 1 DAGs
[2026-09-26T06:39:50.096+0000] {logging_mixin.py:188} INFO - [2026-09-26T06:39:50.096+0000] {dag.py:3954} INFO - Setting next_dagrun for update_db to 2026-09-25 12:00:00+00:00, run_after=2026-09-26 12:00:00+00:00
[2026-09-26T06:39:50.125+0000] {processor.py:183} INFO - Processing /opt/airflow/dags/main.py took 0.383 seconds
[2026-09-26T06:40:20.585+0000] {processor.py:161} INFO - Started process (PID=79) to work on /opt/airflow/dags/main.py
[2026-09-26T06:40:20.590+0000] {processor.py:830} INFO - Processing file /opt/airflow/dags/main.py for tasks to queue
[2026-09-26T06:40:20.595+0000] {logging_mixin.py:188} INFO - [2026-09-26T06:40:20.595+0000] {dagbag.py:545} INFO - Filling up the DagBag from /opt/airflow/dags/main.py
[2026-09-26T06:40:21.288+0000] {processor.py:840} INFO - DAG(s) 'update_db' retrieved from /opt/airflow/dags/main.py
[2026-09-26T06:40:21.337+0000] {logging_mixin.py:188} INFO - [2026-09-26T06:40:21.337+0000] {dag.py:3096} INFO - Sync 1 DAGs
[2026-09-26T06:40:21.373+0000] {logging_mixin.py:188} INFO - [2026-09-26T06:40:21.373+0000] {dag.py:3954} INFO - Setting next_dagrun for update_db to 2026-09-25 12:00:00+00:00, run_after=2026-09-26 12:00:00+00:00
[2026-09-26T06:40:21.406+0000] {processor.py:183} INFO - Processing /opt/airflow/dags/main.py took 0.845 seconds
[2026-09-26T06:40:51.746+0000] {processor.py:161} INFO - Started process (PID=86) to work on /opt/airflow/dags/main.py
[2026-09-26T06:40:51.749+0000] {processor.py:830} INFO - Processing file /opt/airflow/dags/main.py for tasks to queue
[2026-09-26T06:40:51.752+0000] {logging_mixin.py:188} INFO - [2026-09-26T06:40:51.752+0000] {dagbag.py:545} INFO - Filling up the DagBag from /opt/airflow/dags/main.py
[2026-09-26T06:40:52.011+0000] {processor.py:840} INFO - DAG(s) 'update_db' retrieved from /opt/airflow/dags/main.py
[2026-09-26T06:40:52.037+0000] {logging_mixin.py:188} INFO - [2026-09-26T06:40:52.037+0000] {dag.py:3096} INFO - Sync 1 DAGs
[2026-09-26T06:40:52.056+0000] {logging_mixin.py:188} INFO - [2026-09-26T06:40:52.056+0000] {dag.py:3954} INFO - Setting next_dagrun for update_db to 2026-09-25 12:00:00+00:00, run_after=2026-09-26 12:00:00+00:00
[2026-09-26T06:40:52.076+0000] {processor.py:183} INFO - Processing /opt/airflow/dags/main.py took 0.336 seconds
[2026-09-26T06:41:22.423+0000] {processor.py:161} INFO - Started process (PID=93) to work on /opt/airflow/dags/main.py
[2026-09-26T06:41:22.426+0000] {processor.py:830} INFO - Processing file /opt/airflow/dags/main.py for tasks to queue
[2026-09-26T06:41:22.430+0000] {logging_mixin.py:188} INFO - [2026-09-26T06:41:22.429+0000] {dagbag.py:545} INFO - Filling up the DagBag from /opt/airflow/dags/main.py
[2026-09-26T06:41:22.662+0000] {processor.py:840} INFO - DAG(s) 'update_db' retrieved from /opt/airflow/dags/main.py
[2026-09-26T06:41:22.688+0000] {logging_mixin.py:188} INFO - [2026-09-26T06:41:22.688+0000] {dag.py:3096} INFO - Sync 1 DAGs
[2026-09-26T06:41:22.707+0000] {logging_mixin.py:188} INFO - [2026-09-26T06:41:22.706+0000] {dag.py:3954} INFO - Setting next_dagrun for update_db to 2026-09-25 12:00:00+00:00, run_after=2026-09-26 12:00:00+00:00
[2026-09-26T06:41:22.727+0000] {processor.py:183} INFO - Processing /opt/airflow/dags/main.py took 0.309 seconds
[2026-09-26T06:41:53.102+0000] {processor.py:161} INFO - Started process (PID=100) to work on /opt/airflow/dags/main.py
[2026-09-26T06:41:53.105+0000] {processor.py:830} INFO - Processing file /opt/airflow/dags/main.py for tasks to queue
[2026-09-26T06:41:53.109+0000] {logging_mixin.py:188} INFO - [2026-09-26T06:41:53.108+0000] {dagbag.py:545} INFO - Filling up the DagBag from /opt/airflow/dags/main.py
[2026-09-26T06:41:53.373+0000] {processor.py:840} INFO - DAG(s) 'update_db' retrieved from /opt/airflow/dags/main.py
[2026-09-26T06:41:53.396+0000] {logging_mixin.py:188} INFO - [2026-09-26T06:41:53.396+0000] {dag.py:3096} INFO - Sync 1 DAGs
[2026-09-26T06:41:53.417+0000] {logging_mixin.py:188} INFO - [2026-09-26T06:41:53.417+0000] {dag.py:3954} INFO - Setting next_dagrun for update_db to 2026-09-25 12:00:00+00:00, run_after=2026-09-26 12:00:00+00:00
[2026-09-26T06:41:53.437+0000] {processor.py:183} INFO - Processing /opt/airflow/dags/main.py took 0.343 seconds
[2026-09-26T06:42:23.815+0000] {processor.py:161} INFO - Started process (PID=107) to work on /opt/airflow/dags/main.py
[2026-09-26T06:42:23.819+0000] {processor.py:830} INFO - Processing file /opt/airflow/dags/main.py for tasks to queue
[2026-09-26T06:42:23.825+0000] {logging_mixin.py:188} INFO - [2026-09-26T06:42:23.824+0000] {dagbag.py:545} INFO - Filling up the DagBag from /opt/airflow/dags/main.py
[2026-09-26T06:42:24.153+0000] {processor.py:840} INFO - DAG(s) 'update_db' retrieved from /opt/airflow/dags/main.py
[2026-09-26T06:42:24.200+0000] {logging_mixin.py:188} INFO - [2026-09-26T06:42:24.200+0000] {dag.py:3096} INFO - Sync 1 DAGs
[2026-09-26T06:42:24.224+0000] {logging_mixin.py:188} INFO - [2026-09-26T06:42:24.223+0000] {dag.py:3954} INFO - Setting next_dagrun for update_db to 2026-09-25 12:00:00+00:00, run_after=2026-09-26 12:00:00+00:00
[2026-09-26T06:42:24.250+0000] {processor.py:183} INFO - Processing /opt/airflow/dags/main.py took 0.448 seconds
[2026-09-26T06:42:54.598+0000] {processor.py:161} INFO - Started process (PID=114) to work on /opt/airflow/dags/main.py
[2026-09-26T06:42:54.601+0000] {processor.py:830} INFO - Processing file /opt/airflow/dags/main.py for tasks to queue
[2026-09-26T06:42:54.604+0000] {logging_mixin.py:188} INFO - [2026-09-26T06:42:54.603+0000] {dagbag.py:545} INFO - Filling up the DagBag from /opt/airflow/dags/main.py
[2026-09-26T06:42:54.846+0000] {processor.py:840} INFO - DAG(s) 'update_db' retrieved from /opt/airflow/dags/main.py
[2026-09-26T06:42:54.883+0000] {logging_mixin.py:188} INFO - [2026-09-26T06:42:54.883+0000] {dag.py:3096} INFO - Sync 1 DAGs
[2026-09-26T06:42:54.912+0000] {logging_mixin.py:188} INFO - [2026-09-26T06:42:54.912+0000] {dag.py:3954} INFO - Setting next_dagrun for update_db to 2026-09-25 12:00:00+00:00, run_after=2026-09-26 12:00:00+00:00
[2026-09-26T06:42:54.936+0000] {processor.py:183} INFO - Processing /opt/airflow/dags/main.py took 0.343 seconds
[2026-09-26T06:43:25.263+0000] {processor.py:161} INFO - Started process (PID=121) to work on /opt/airflow/dags/main.py
[2026-09-26T06:43:25.265+0000] {processor.py:830} INFO - Processing file /opt/airflow/dags/main.py for tasks to queue
[2026-09-26T06:43:25.268+0000] {logging_mixin.py:188} INFO - [2026-09-26T06:43:25.268+0000] {dagbag.py:545} INFO - Filling up the DagBag from /opt/airflow/dags/main.py
[2026-09-26T06:43:25.492+0000] {processor.py:840} INFO - DAG(s) 'update_db' retrieved from /opt/airflow/dags/main.py
[2026-09-26T06:43:25.525+0000] {logging_mixin.py:188} INFO - [2026-09-26T06:43:25.525+0000] {dag.py:3096} INFO - Sync 1 DAGs
[2026-09-26T06:43:25.555+0000] {logging_mixin.py:188} INFO - [2026-09-26T06:43:25.555+0000] {dag.py:3954} INFO - Setting next_dagrun for update_db to 2026-09-25 12:00:00+00:00, run_after=2026-09-26 12:00:00+00:00
[2026-09-26T06:43:25.577+0000] {processor.py:183} INFO - Processing /opt/airflow/dags/main.py took 0.321 seconds
[2026-09-26T06:43:55.866+0000] {processor.py:161} INFO - Started process (PID=128) to work on /opt/airflow/dags/main.py
[2026-09-26T06:43:55.868+0000] {processor.py:830} INFO - Processing file /opt/airflow/dags/main.py for tasks to queue
[2026-09-26T06:43:55.870+0000] {logging_mixin.py:188} INFO - [2026-09-26T06:43:55.870+0000] {dagbag.py:545} INFO - Filling up the DagBag from /opt/airflow/dags/main.py
[2026-09-26T06:43:56.114+0000] {processor.py:840} INFO - DAG(s) 'update_db' retrieved from /opt/airflow/dags/main.py
[2026-09-26T06:43:56.151+0000] {logging_mixin.py:188} INFO - [2026-09-26T06:43:56.150+0000] {dag.py:3096} INFO - Sync 1 DAGs
[2026-09-26T06:43:56.174+0000] {logging_mixin.py:188} INFO - [2026-09-26T06:43:56.174+0000] {dag.py:3954} INFO - Setting next_dagrun for update_db to 2026-09-25 12:00:00+00:00, run_after=2026-09-26 12:00:00+00:00
[2026-09-26T06:43:56.197+0000] {processor.py:183} INFO - Processing /opt/airflow/dags/main.py took 0.336 seconds
[2026-09-26T06:44:26.471+0000] {processor.py:161} INFO - Started process (PID=135) to work on /opt/airflow/dags/main.py
[2026-09-26T06:44:26.473+0000] {processor.py:830} INFO - Processing file /opt/airflow/dags/main.py for tasks to queue
[2026-09-26T06:44:26.476+0000] {logging_mixin.py:188} INFO - [2026-09-26T06:44:26.476+0000] {dagbag.py:545} INFO - Filling up the DagBag from /opt/airflow/dags/main.py
[2026-09-26T06:44:26.698+0000] {processor.py:840} INFO - DAG(s) 'update_db' retrieved from /opt/airflow/dags/main.py
[2026-09-26T06:44:26.725+0000] {logging_mixin.py:188} INFO - [2026-09-26T06:44:26.725+0000] {dag.py:3096} INFO - Sync 1 DAGs
[2026-09-26T06:44:26.747+0000] {logging_mixin.py:188} INFO - [2026-09-26T06:44:26.746+0000] {dag.py:3954} INFO - Setting next_dagrun for update_db to 2026-09-25 12:00:00+00:00, run_after=2026-09-26 12:00:00+00:00
[2026-09-26T06:44:26.816+0000] {processor.py:183} INFO - Processing /opt/airflow/dags/main.py took 0.351 seconds
[2026-09-26T06:44:57.190+0000] {processor.py:161} INFO - Started process (PID=142) to work on /opt/airflow/dags/main.py
[2026-09-26T06:44:57.192+0000] {processor.py:830} INFO - Processing file /opt/airflow/dags/main.py for tasks to queue
[2026-09-26T06:44:57.196+0000] {logging_mixin.py:188} INFO - [2026-09-26T06:44:57.195+0000] {dagbag.py:545} INFO - Filling up the DagBag from /opt/airflow/dags/main.py
[2026-09-26T06:44:57.447+0000] {processor.py:840} INFO - DAG(s) 'update_db' retrieved from /opt/airflow/dags/main.py
[2026-09-26T06:44:57.471+0000] {logging_mixin.py:188} INFO - [2026-09-26T06:44:57.471+0000] {dag.py:3096} INFO - Sync 1 DAGs
[2026-09-26T06:44:57.490+0000] {logging_mixin.py:188} INFO - [2026-09-26T06:44:57.490+0000] {dag.py:3954} INFO - Setting next_dagrun for update_db to 2026-09-25 12:00:00+00:00, run_after=2026-09-26 12:00:00+00:00
[2026-09-26T06:44:57.510+0000] {processor.py:183} INFO - Processing /opt/airflow/dags/main.py took 0.327 seconds
[2026-09-26T06:45:27.838+0000] {processor.py:161} INFO - Started process (PID=149) to work on /opt/airflow/dags/main.py
[2026-09-26T06:45:27.841+0000] {processor.py:830} INFO - Processing file /opt/airflow/dags/main.py for tasks to queue
[2026-09-26T06:45:27.845+0000] {logging_mixin.py:188} INFO - [2026-09-26T06:45:27.844+0000] {dagbag.py:545} INFO - Filling up the DagBag from /opt/airflow/dags/main.py
[2026-09-26T06:45:28.066+0000] {processor.py:840} INFO - DAG(s) 'update_db' retrieved from /opt/airflow/dags/main.py
[2026-09-26T06:45:28.097+0000] {logging_mixin.py:188} INFO - [2026-09-26T06:45:28.096+0000] {dag.py:3096} INFO - Sync 1 DAGs
[2026-09-26T06:45:28.120+0000] {logging_mixin.py:188} INFO - [2026-09-26T06:45:28.120+0000] {dag.py:3954} INFO - Setting next_dagrun for update_db to 2026-09-25 12:00:00+00:00, run_after=2026-09-26 12:00:00+00:00
[2026-09-26T06:45:28.153+0000] {processor.py:183} INFO - Processing /opt/airflow/dags/main.py took 0.321 seconds
[2026-09-26T06:45:58.485+0000] {processor.py:161} INFO - Started process (PID=156) to work on /opt/airflow/dags/main.py
[2026-09-26T06:45:58.487+0000] {processor.py:830} INFO - Processing file /opt/airflow/dags/main.py for tasks to queue
[2026-09-26T06:45:58.491+0000] {logging_mixin.py:188} INFO - [2026-09-26T06:45:58.490+0000] {dagbag.py:545} INFO - Filling up the DagBag from /opt/airflow/dags/main.py
[2026-09-26T06:45:58.723+0000] {processor.py:840} INFO - DAG(s) 'update_db' retrieved from /opt/airflow/dags/main.py
[2026-09-26T06:45:58.754+0000] {logging_mixin.py:188} INFO - [2026-09-26T06:45:58.753+0000] {dag.py:3096} INFO - Sync 1 DAGs
[2026-09-26T06:45:58.779+0000] {logging_mixin.py:188} INFO - [2026-09-26T06:45:58.778+0000] {dag.py:3954} INFO - Setting next_dagrun for update_db to 2026-09-25 12:00:00+00:00, run_after=2026-09-26 12:00:00+00:00
[2026-09-26T06:45:58.807+0000] {processor.py:183} INFO - Processing /opt/airflow/dags/main.py took 0.330 seconds
[2026-09-26T06:46:29.109+0000] {processor.py:161} INFO - Started process (PID=163) to work on /opt/airflow/dags/main.py
[2026-09-26T06:46:29.111+0000] {processor.py:830} INFO - Processing file /opt/airflow/dags/main.py for tasks to queue
[2026-09-26T06:46:29.114+0000] {logging_mixin.py:188} INFO - [2026-09-26T06:46:29.114+0000] {dagbag.py:545} INFO - Filling up the DagBag from /opt/airflow/dags/main.py
[2026-09-26T06:46:29.365+0000] {processor.py:840} INFO - DAG(s) 'update_db' retrieved from /opt/airflow/dags/main.py
[2026-09-26T06:46:29.391+0000] {logging_mixin.py:188} INFO - [2026-09-26T06:46:29.391+0000] {dag.py:3096} INFO - Sync 1 DAGs
[2026-09-26T06:46:29.412+0000] {logging_mixin.py:188} INFO - [2026-09-26T06:46:29.412+0000] {dag.py:3954} INFO - Setting next_dagrun for update_db to 2026-09-25 12:00:00+00:00, run_after=2026-09-26 12:00:00+00:00
[2026-09-26T06:46:29.434+0000] {processor.py:183} INFO - Processing /opt/airflow/dags/main.py took 0.331 seconds
[2026-09-26T06:46:59.762+0000] {processor.py:161} INFO - Started process (PID=170) to work on /opt/airflow/dags/main.py
[2026-09-26T06:46:59.765+0000] {processor.py:830} INFO - Processing file /opt/airflow/dags/main.py for tasks to queue
[2026-09-26T06:46:59.768+0000] {logging_mixin.py:188} INFO - [2026-09-26T06:46:59.768+0000] {dagbag.py:545} INFO - Filling up the DagBag from /opt/airflow/dags/main.py
[2026-09-26T06:47:00.011+0000] {processor.py:840} INFO - DAG(s) 'update_db' retrieved from /opt/airflow/dags/main.py
[2026-09-26T06:47:00.045+0000] {logging_mixin.py:188} INFO - [2026-09-26T06:47:00.044+0000] {dag.py:3096} INFO - Sync 1 DAGs
[2026-09-26T06:47:00.073+0000] {logging_mixin.py:188} INFO - [2026-09-26T06:47:00.072+0000] {dag.py:3954} INFO - Setting next_dagrun for update_db to 2026-09-25 12:00:00+00:00, run_after=2026-09-26 12:00:00+00:00
[2026-09-26T06:47:00.094+0000] {processor.py:183} INFO - Processing /opt/airflow/dags/main.py took 0.338 seconds
[2026-09-26T06:47:30.472+0000] {processor.py:161} INFO - Started process (PID=177) to work on /opt/airflow/dags/main.py
[2026-09-26T06:47:30.476+0000] {processor.py:830} INFO - Processing file /opt/airflow/dags/main.py for tasks to queue
[2026-09-26T06:47:30.479+0000] {logging_mixin.py:188} INFO - [2026-09-26T06:47:30.479+0000] {dagbag.py:545} INFO - Filling up the DagBag from /opt/airflow/dags/main.py
[2026-09-26T06:47:30.770+0000] {processor.py:840} INFO - DAG(s) 'update_db' retrieved from /opt/airflow/dags/main.py
[2026-09-26T06:47:30.798+0000] {logging_mixin.py:188} INFO - [2026-09-26T06:47:30.798+0000] {dag.py:3096} INFO - Sync 1 DAGs
[2026-09-26T06:47:30.822+0000] {logging_mixin.py:188} INFO - [2026-09-26T06:47:30.822+0000] {dag.py:3954} INFO - Setting next_dagrun for update_db to 2026-09-25 12:00:00+00:00, run_after=2026-09-26 12:00:00+00:00
[2026-09-26T06:47:30.847+0000] {processor.py:183} INFO - Processing /opt/airflow/dags/main.py took 0.381 seconds
[2026-09-26T06:48:01.268+0000] {processor.py:161} INFO - Started process (PID=184) to work on /opt/airflow/dags/main.py
[2026-09-26T06:48:01.272+0000] {processor.py:830} INFO - Processing file /opt/airflow/dags/main.py for tasks to queue
[2026-09-26T06:48:01.279+0000] {logging_mixin.py:188} INFO - [2026-09-26T06:48:01.278+0000] {dagbag.py:545} INFO - Filling up the DagBag from /opt/airflow/dags/main.py
[2026-09-26T06:48:01.563+0000] {processor.py:840} INFO - DAG(s) 'update_db' retrieved from /opt/airflow/dags/main.py
[2026-09-26T06:48:01.592+0000] {logging_mixin.py:188} INFO - [2026-09-26T06:48:01.592+0000] {dag.py:3096} INFO - Sync 1 DAGs
[2026-09-26T06:48:01.611+0000] {logging_mixin.py:188} INFO - [2026-09-26T06:48:01.611+0000] {dag.py:3954} INFO - Setting next_dagrun for update_db to 2026-09-25 12:00:00+00:00, run_after=2026-09-26 12:00:00+00:00
[2026-09-26T06:48:01.634+0000] {processor.py:183} INFO - Processing /opt/airflow/dags/main.py took 0.384 seconds
[2026-09-26T06:48:32.004+0000] {processor.py:161} INFO - Started process (PID=191) to work on /opt/airflow/dags/main.py
[2026-09-26T06:48:32.008+0000] {processor.py:830} INFO - Processing file /opt/airflow/dags/main.py for tasks to queue
[2026-09-26T06:48:32.015+0000] {logging_mixin.py:188} INFO - [2026-09-26T06:48:32.015+0000] {dagbag.py:545} INFO - Filling up the DagBag from /opt/airflow/dags/main.py
[2026-09-26T06:48:32.204+0000] {processor.py:840} INFO - DAG(s) 'update_db' retrieved from /opt/airflow/dags/main.py
[2026-09-26T06:48:32.269+0000] {logging_mixin.py:188} INFO - [2026-09-26T06:48:32.269+0000] {dag.py:3096} INFO - Sync 1 DAGs
[2026-09-26T06:48:32.325+0000] {logging_mixin.py:188} INFO - [2026-09-26T06:48:32.324+0000] {dag.py:3954} INFO - Setting next_dagrun for update_db to 2026-09-25 12:00:00+00:00, run_after=2026-09-26 12:00:00+00:00
[2026-09-26T06:48:32.367+0000] {processor.py:183} INFO - Processing /opt/airflow/dags/main.py took 0.386 seconds
[2026-09-26T06:49:03.222+0000] {processor.py:161} INFO - Started process (PID=198) to work on /opt/airflow/dags/main.py
[2026-09-26T06:49:03.227+0000] {processor.py:830} INFO - Processing file /opt/airflow/dags/main.py for tasks to queue
[2026-09-26T06:49:03.233+0000] {logging_mixin.py:188} INFO - [2026-09-26T06:49:03.232+0000] {dagbag.py:545} INFO - Filling up the DagBag from /opt/airflow/dags/main.py
[2026-09-26T06:49:03.527+0000] {processor.py:840} INFO - DAG(s) 'update_db' retrieved from /opt/airflow/dags/main.py
[2026-09-26T06:49:03.571+0000] {logging_mixin.py:188} INFO - [2026-09-26T06:49:03.571+0000] {dag.py:3096} INFO - Sync 1 DAGs
[2026-09-26T06:49:03.602+0000] {logging_mixin.py:188} INFO - [2026-09-26T06:49:03.601+0000] {dag.py:3954} INFO - Setting next_dagrun for update_db to 2026-09-25 12:00:00+00:00, run_after=2026-09-26 12:00:00+00:00
[2026-09-26T06:49:03.632+0000] {processor.py:183} INFO - Processing /opt/airflow/dags/main.py took 0.417 seconds
[2026-09-26T06:49:33.958+0000] {processor.py:161} INFO - Started process (PID=205) to work on /opt/airflow/dags/main.py
[2026-09-26T06:49:33.961+0000] {processor.py:830} INFO - Processing file /opt/airflow/dags/main.py for tasks to queue
[2026-09-26T06:49:33.967+0000] {logging_mixin.py:188} INFO - [2026-09-26T06:49:33.966+0000] {dagbag.py:545} INFO - Filling up the DagBag from /opt/airflow/dags/main.py
[2026-09-26T06:49:34.225+0000] {processor.py:840} INFO - DAG(s) 'update_db' retrieved from /opt/airflow/dags/main.py
[2026-09-26T06:49:34.259+0000] {logging_mixin.py:188} INFO - [2026-09-26T06:49:34.259+0000] {dag.py:3096} INFO - Sync 1 DAGs
[2026-09-26T06:49:34.290+0000] {logging_mixin.py:188} INFO - [2026-09-26T06:49:34.290+0000] {dag.py:3954} INFO - Setting next_dagrun for update_db to 2026-09-25 12:00:00+00:00, run_after=2026-09-26 12:00:00+00:00
[2026-09-26T06:49:34.319+0000] {processor.py:183} INFO - Processing /opt/airflow/dags/main.py took 0.367 seconds
[2026-09-26T06:50:04.645+0000] {processor.py:161} INFO - Started process (PID=212) to work on /opt/airflow/dags/main.py
[2026-09-26T06:50:04.648+0000] {processor.py:830} INFO - Processing file /opt/airflow/dags/main.py for tasks to queue
[2026-09-26T06:50:04.651+0000] {logging_mixin.py:188} INFO - [2026-09-26T06:50:04.651+0000] {dagbag.py:545} INFO - Filling up the DagBag from /opt/airflow/dags/main.py
[2026-09-26T06:50:04.929+0000] {processor.py:840} INFO - DAG(s) 'update_db' retrieved from /opt/airflow/dags/main.py
[2026-09-26T06:50:04.977+0000] {logging_mixin.py:188} INFO - [2026-09-26T06:50:04.977+0000] {dag.py:3096} INFO - Sync 1 DAGs
[2026-09-26T06:50:05.002+0000] {logging_mixin.py:188} INFO - [2026-09-26T06:50:05.002+0000] {dag.py:3954} INFO - Setting next_dagrun for update_db to 2026-09-25 12:00:00+00:00, run_after=2026-09-26 12:00:00+00:00
[2026-09-26T06:50:05.021+0000] {processor.py:183} INFO - Processing /opt/airflow/dags/main.py took 0.384 seconds
[2026-09-26T06:51:29.837+0000] {processor.py:161} INFO - Started process (PID=65) to work on /opt/airflow/dags/main.py
[2026-09-26T06:51:29.844+0000] {processor.py:830} INFO - Processing file /opt/airflow/dags/main.py for tasks to queue
[2026-09-26T06:51:29.859+0000] {logging_mixin.py:188} INFO - [2026-09-26T06:51:29.854+0000] {dagbag.py:545} INFO - Filling up the DagBag from /opt/airflow/dags/main.py
[2026-09-26T06:51:30.547+0000] {processor.py:840} INFO - DAG(s) 'update_db' retrieved from /opt/airflow/dags/main.py
[2026-09-26T06:51:31.213+0000] {logging_mixin.py:188} INFO - [2026-09-26T06:51:31.212+0000] {dag.py:3096} INFO - Sync 1 DAGs
[2026-09-26T06:51:31.289+0000] {logging_mixin.py:188} INFO - [2026-09-26T06:51:31.288+0000] {dag.py:3954} INFO - Setting next_dagrun for update_db to 2026-09-25 12:00:00+00:00, run_after=2026-09-26 12:00:00+00:00
[2026-09-26T06:51:31.363+0000] {processor.py:183} INFO - Processing /opt/airflow/dags/main.py took 1.551 seconds
[2026-09-26T06:52:01.876+0000] {processor.py:161} INFO - Started process (PID=78) to work on /opt/airflow/dags/main.py
[2026-09-26T06:52:01.886+0000] {processor.py:830} INFO - Processing file /opt/airflow/dags/main.py for tasks to queue
[2026-09-26T06:52:01.903+0000] {logging_mixin.py:188} INFO - [2026-09-26T06:52:01.901+0000] {dagbag.py:545} INFO - Filling up the DagBag from /opt/airflow/dags/main.py
[2026-09-26T06:52:02.739+0000] {processor.py:840} INFO - DAG(s) 'update_db' retrieved from /opt/airflow/dags/main.py
[2026-09-26T06:52:02.785+0000] {logging_mixin.py:188} INFO - [2026-09-26T06:52:02.784+0000] {dag.py:3096} INFO - Sync 1 DAGs
[2026-09-26T06:52:02.818+0000] {logging_mixin.py:188} INFO - [2026-09-26T06:52:02.817+0000] {dag.py:3954} INFO - Setting next_dagrun for update_db to 2026-09-25 12:00:00+00:00, run_after=2026-09-26 12:00:00+00:00
[2026-09-26T06:52:02.845+0000] {processor.py:183} INFO - Processing /opt/airflow/dags/main.py took 1.010 seconds
[2026-09-26T08:42:34.377+0000] {processor.py:161} INFO - Started process (PID=64) to work on /opt/airflow/dags/main.py
[2026-09-26T08:42:34.385+0000] {processor.py:830} INFO - Processing file /opt/airflow/dags/main.py for tasks to queue
[2026-09-26T08:42:34.395+0000] {logging_mixin.py:188} INFO - [2026-09-26T08:42:34.394+0000] {dagbag.py:545} INFO - Filling up the DagBag from /opt/airflow/dags/main.py
[2026-09-26T08:42:35.434+0000] {processor.py:840} INFO - DAG(s) 'update_db' retrieved from /opt/airflow/dags/main.py
[2026-09-26T08:42:36.350+0000] {logging_mixin.py:188} INFO - [2026-09-26T08:42:36.350+0000] {dag.py:3096} INFO - Sync 1 DAGs
[2026-09-26T08:42:36.420+0000] {logging_mixin.py:188} INFO - [2026-09-26T08:42:36.419+0000] {dag.py:3954} INFO - Setting next_dagrun for update_db to 2026-09-25 12:00:00+00:00, run_after=2026-09-26 12:00:00+00:00
[2026-09-26T08:42:36.480+0000] {processor.py:183} INFO - Processing /opt/airflow/dags/main.py took 2.122 seconds
[2026-09-26T08:43:06.907+0000] {processor.py:161} INFO - Started process (PID=77) to work on /opt/airflow/dags/main.py
[2026-09-26T08:43:06.911+0000] {processor.py:830} INFO - Processing file /opt/airflow/dags/main.py for tasks to queue
[2026-09-26T08:43:06.917+0000] {logging_mixin.py:188} INFO - [2026-09-26T08:43:06.916+0000] {dagbag.py:545} INFO - Filling up the DagBag from /opt/airflow/dags/main.py
[2026-09-26T08:43:07.145+0000] {processor.py:840} INFO - DAG(s) 'update_db' retrieved from /opt/airflow/dags/main.py
[2026-09-26T08:43:07.178+0000] {logging_mixin.py:188} INFO - [2026-09-26T08:43:07.178+0000] {dag.py:3096} INFO - Sync 1 DAGs
[2026-09-26T08:43:07.201+0000] {logging_mixin.py:188} INFO - [2026-09-26T08:43:07.201+0000] {dag.py:3954} INFO - Setting next_dagrun for update_db to 2026-09-25 12:00:00+00:00, run_after=2026-09-26 12:00:00+00:00
[2026-09-26T08:43:07.225+0000] {processor.py:183} INFO - Processing /opt/airflow/dags/main.py took 0.333 seconds
[2026-09-26T08:43:37.528+0000] {processor.py:161} INFO - Started process (PID=84) to work on /opt/airflow/dags/main.py
[2026-09-26T08:43:37.531+0000] {processor.py:830} INFO - Processing file /opt/airflow/dags/main.py for tasks to queue
[2026-09-26T08:43:37.534+0000] {logging_mixin.py:188} INFO - [2026-09-26T08:43:37.534+0000] {dagbag.py:545} INFO - Filling up the DagBag from /opt/airflow/dags/main.py
[2026-09-26T08:43:37.784+0000] {processor.py:840} INFO - DAG(s) 'update_db' retrieved from /opt/airflow/dags/main.py
[2026-09-26T08:43:37.808+0000] {logging_mixin.py:188} INFO - [2026-09-26T08:43:37.807+0000] {dag.py:3096} INFO - Sync 1 DAGs
[2026-09-26T08:43:37.828+0000] {logging_mixin.py:188} INFO - [2026-09-26T08:43:37.827+0000] {dag.py:3954} INFO - Setting next_dagrun for update_db to 2026-09-25 12:00:00+00:00, run_after=2026-09-26 12:00:00+00:00
[2026-09-26T08:43:37.849+0000] {processor.py:183} INFO - Processing /opt/airflow/dags/main.py took 0.330 seconds
[2026-09-26T08:44:08.214+0000] {processor.py:161} INFO - Started process (PID=91) to work on /opt/airflow/dags/main.py
[2026-09-26T08:44:08.223+0000] {processor.py:830} INFO - Processing file /opt/airflow/dags/main.py for tasks to queue
[2026-09-26T08:44:08.241+0000] {logging_mixin.py:188} INFO - [2026-09-26T08:44:08.239+0000] {dagbag.py:545} INFO - Filling up the DagBag from /opt/airflow/dags/main.py
[2026-09-26T08:44:08.705+0000] {processor.py:840} INFO - DAG(s) 'update_db' retrieved from /opt/airflow/dags/main.py
[2026-09-26T08:44:08.767+0000] {logging_mixin.py:188} INFO - [2026-09-26T08:44:08.766+0000] {dag.py:3096} INFO - Sync 1 DAGs
[2026-09-26T08:44:08.809+0000] {logging_mixin.py:188} INFO - [2026-09-26T08:44:08.808+0000] {dag.py:3954} INFO - Setting next_dagrun for update_db to 2026-09-25 12:00:00+00:00, run_after=2026-09-26 12:00:00+00:00
[2026-09-26T08:44:08.852+0000] {processor.py:183} INFO - Processing /opt/airflow/dags/main.py took 0.655 seconds
[2026-09-26T08:44:39.114+0000] {processor.py:161} INFO - Started process (PID=98) to work on /opt/airflow/dags/main.py
[2026-09-26T08:44:39.117+0000] {processor.py:830} INFO - Processing file /opt/airflow/dags/main.py for tasks to queue
[2026-09-26T08:44:39.121+0000] {logging_mixin.py:188} INFO - [2026-09-26T08:44:39.120+0000] {dagbag.py:545} INFO - Filling up the DagBag from /opt/airflow/dags/main.py
[2026-09-26T08:44:39.383+0000] {processor.py:840} INFO - DAG(s) 'update_db' retrieved from /opt/airflow/dags/main.py
[2026-09-26T08:44:39.407+0000] {logging_mixin.py:188} INFO - [2026-09-26T08:44:39.407+0000] {dag.py:3096} INFO - Sync 1 DAGs
[2026-09-26T08:44:39.425+0000] {logging_mixin.py:188} INFO - [2026-09-26T08:44:39.425+0000] {dag.py:3954} INFO - Setting next_dagrun for update_db to 2026-09-25 12:00:00+00:00, run_after=2026-09-26 12:00:00+00:00
[2026-09-26T08:44:39.444+0000] {processor.py:183} INFO - Processing /opt/airflow/dags/main.py took 0.335 seconds
[2026-09-26T08:45:09.766+0000] {processor.py:161} INFO - Started process (PID=105) to work on /opt/airflow/dags/main.py
[2026-09-26T08:45:09.769+0000] {processor.py:830} INFO - Processing file /opt/airflow/dags/main.py for tasks to queue
[2026-09-26T08:45:09.773+0000] {logging_mixin.py:188} INFO - [2026-09-26T08:45:09.772+0000] {dagbag.py:545} INFO - Filling up the DagBag from /opt/airflow/dags/main.py
[2026-09-26T08:45:10.029+0000] {processor.py:840} INFO - DAG(s) 'update_db' retrieved from /opt/airflow/dags/main.py
[2026-09-26T08:45:10.058+0000] {logging_mixin.py:188} INFO - [2026-09-26T08:45:10.057+0000] {dag.py:3096} INFO - Sync 1 DAGs
[2026-09-26T08:45:10.078+0000] {logging_mixin.py:188} INFO - [2026-09-26T08:45:10.078+0000] {dag.py:3954} INFO - Setting next_dagrun for update_db to 2026-09-25 12:00:00+00:00, run_after=2026-09-26 12:00:00+00:00
[2026-09-26T08:45:10.098+0000] {processor.py:183} INFO - Processing /opt/airflow/dags/main.py took 0.339 seconds
[2026-09-26T08:45:40.413+0000] {processor.py:161} INFO - Started process (PID=112) to work on /opt/airflow/dags/main.py
[2026-09-26T08:45:40.417+0000] {processor.py:830} INFO - Processing file /opt/airflow/dags/main.py for tasks to queue
[2026-09-26T08:45:40.420+0000] {logging_mixin.py:188} INFO - [2026-09-26T08:45:40.420+0000] {dagbag.py:545} INFO - Filling up the DagBag from /opt/airflow/dags/main.py
[2026-09-26T08:45:40.672+0000] {processor.py:840} INFO - DAG(s) 'update_db' retrieved from /opt/airflow/dags/main.py
[2026-09-26T08:45:40.700+0000] {logging_mixin.py:188} INFO - [2026-09-26T08:45:40.700+0000] {dag.py:3096} INFO - Sync 1 DAGs
[2026-09-26T08:45:40.718+0000] {logging_mixin.py:188} INFO - [2026-09-26T08:45:40.718+0000] {dag.py:3954} INFO - Setting next_dagrun for update_db to 2026-09-25 12:00:00+00:00, run_after=2026-09-26 12:00:00+00:00
[2026-09-26T08:45:40.763+0000] {processor.py:183} INFO - Processing /opt/airflow/dags/main.py took 0.356 seconds
[2026-09-26T08:57:54.934+0000] {processor.py:161} INFO - Started process (PID=52) to work on /opt/airflow/dags/main.py
[2026-09-26T08:57:54.937+0000] {processor.py:830} INFO - Processing file /opt/airflow/dags/main.py for tasks to queue
[2026-09-26T08:57:54.944+0000] {logging_mixin.py:188} INFO - [2026-09-26T08:57:54.943+0000] {dagbag.py:545} INFO - Filling up the DagBag from /opt/airflow/dags/main.py
[2026-09-26T08:57:55.299+0000] {processor.py:840} INFO - DAG(s) 'update_db' retrieved from /opt/airflow/dags/main.py
[2026-09-26T08:57:55.602+0000] {logging_mixin.py:188} INFO - [2026-09-26T08:57:55.602+0000] {dag.py:3096} INFO - Sync 1 DAGs
[2026-09-26T08:57:55.636+0000] {logging_mixin.py:188} INFO - [2026-09-26T08:57:55.636+0000] {dag.py:3954} INFO - Setting next_dagrun for update_db to 2026-09-25 12:00:00+00:00, run_after=2026-09-26 12:00:00+00:00
[2026-09-26T08:57:55.674+0000] {processor.py:183} INFO - Processing /opt/airflow/dags/main.py took 0.748 seconds
[2026-09-26T08:58:26.028+0000] {processor.py:161} INFO - Started process (PID=65) to work on /opt/airflow/dags/main.py
[2026-09-26T08:58:26.031+0000] {processor.py:830} INFO - Processing file /opt/airflow/dags/main.py for tasks to queue
[2026-09-26T08:58:26.034+0000] {logging_mixin.py:188} INFO - [2026-09-26T08:58:26.034+0000] {dagbag.py:545} INFO - Filling up the DagBag from /opt/airflow/dags/main.py
[2026-09-26T08:58:26.281+0000] {processor.py:840} INFO - DAG(s) 'update_db' retrieved from /opt/airflow/dags/main.py
[2026-09-26T08:58:26.306+0000] {logging_mixin.py:188} INFO - [2026-09-26T08:58:26.306+0000] {dag.py:3096} INFO - Sync 1 DAGs
[2026-09-26T08:58:26.326+0000] {logging_mixin.py:188} INFO - [2026-09-26T08:58:26.326+0000] {dag.py:3954} INFO - Setting next_dagrun for update_db to 2026-09-25 12:00:00+00:00, run_after=2026-09-26 12:00:00+00:00
[2026-09-26T08:58:26.346+0000] {processor.py:183} INFO - Processing /opt/airflow/dags/main.py took 0.324 seconds
[2026-09-26T08:58:56.615+0000] {processor.py:161} INFO - Started process (PID=72) to work on /opt/airflow/dags/main.py
[2026-09-26T08:58:56.617+0000] {processor.py:830} INFO - Processing file /opt/airflow/dags/main.py for tasks to queue
[2026-09-26T08:58:56.621+0000] {logging_mixin.py:188} INFO - [2026-09-26T08:58:56.621+0000] {dagbag.py:545} INFO - Filling up the DagBag from /opt/airflow/dags/main.py
[2026-09-26T08:58:56.885+0000] {processor.py:840} INFO - DAG(s) 'update_db' retrieved from /opt/airflow/dags/main.py
[2026-09-26T08:58:56.907+0000] {logging_mixin.py:188} INFO - [2026-09-26T08:58:56.907+0000] {dag.py:3096} INFO - Sync 1 DAGs
[2026-09-26T08:58:56.927+0000] {logging_mixin.py:188} INFO - [2026-09-26T08:58:56.927+0000] {dag.py:3954} INFO - Setting next_dagrun for update_db to 2026-09-25 12:00:00+00:00, run_after=2026-09-26 12:00:00+00:00
[2026-09-26T08:58:56.948+0000] {processor.py:183} INFO - Processing /opt/airflow/dags/main.py took 0.339 seconds
[2026-09-26T09:08:17.280+0000] {processor.py:161} INFO - Started process (PID=73) to work on /opt/airflow/dags/main.py
[2026-09-26T09:08:17.286+0000] {processor.py:830} INFO - Processing file /opt/airflow/dags/main.py for tasks to queue
[2026-09-26T09:08:17.293+0000] {logging_mixin.py:188} INFO - [2026-09-26T09:08:17.292+0000] {dagbag.py:545} INFO - Filling up the DagBag from /opt/airflow/dags/main.py
[2026-09-26T09:08:17.568+0000] {processor.py:840} INFO - DAG(s) 'update_db' retrieved from /opt/airflow/dags/main.py
[2026-09-26T09:08:17.630+0000] {logging_mixin.py:188} INFO - [2026-09-26T09:08:17.629+0000] {dag.py:3096} INFO - Sync 1 DAGs
[2026-09-26T09:08:17.674+0000] {logging_mixin.py:188} INFO - [2026-09-26T09:08:17.673+0000] {dag.py:3954} INFO - Setting next_dagrun for update_db to 2026-09-25 12:00:00+00:00, run_after=2026-09-26 12:00:00+00:00
[2026-09-26T09:08:17.718+0000] {processor.py:183} INFO - Processing /opt/airflow/dags/main.py took 0.456 seconds
[2026-09-26T09:09:01.519+0000] {processor.py:161} INFO - Started process (PID=74) to work on /opt/airflow/dags/main.py
[2026-09-26T09:09:01.522+0000] {processor.py:830} INFO - Processing file /opt/airflow/dags/main.py for tasks to queue
[2026-09-26T09:09:01.527+0000] {logging_mixin.py:188} INFO - [2026-09-26T09:09:01.526+0000] {dagbag.py:545} INFO - Filling up the DagBag from /opt/airflow/dags/main.py
[2026-09-26T09:09:01.780+0000] {processor.py:840} INFO - DAG(s) 'update_db' retrieved from /opt/airflow/dags/main.py
[2026-09-26T09:09:01.809+0000] {logging_mixin.py:188} INFO - [2026-09-26T09:09:01.809+0000] {dag.py:3096} INFO - Sync 1 DAGs
[2026-09-26T09:09:01.835+0000] {logging_mixin.py:188} INFO - [2026-09-26T09:09:01.835+0000] {dag.py:3954} INFO - Setting next_dagrun for update_db to 2026-09-25 12:00:00+00:00, run_after=2026-09-26 12:00:00+00:00
[2026-09-26T09:09:01.866+0000] {processor.py:183} INFO - Processing /opt/airflow/dags/main.py took 0.354 seconds
[2026-09-26T09:09:32.267+0000] {processor.py:161} INFO - Started process (PID=81) to work on /opt/airflow/dags/main.py
[2026-09-26T09:09:32.269+0000] {processor.py:830} INFO - Processing file /opt/airflow/dags/main.py for tasks to queue
[2026-09-26T09:09:32.273+0000] {logging_mixin.py:188} INFO - [2026-09-26T09:09:32.272+0000] {dagbag.py:545} INFO - Filling up the DagBag from /opt/airflow/dags/main.py
[2026-09-26T09:09:32.549+0000] {processor.py:840} INFO - DAG(s) 'update_db' retrieved from /opt/airflow/dags/main.py
[2026-09-26T09:09:32.594+0000] {logging_mixin.py:188} INFO - [2026-09-26T09:09:32.594+0000] {dag.py:3096} INFO - Sync 1 DAGs
[2026-09-26T09:09:32.636+0000] {logging_mixin.py:188} INFO - [2026-09-26T09:09:32.635+0000] {dag.py:3954} INFO - Setting next_dagrun for update_db to 2026-09-25 12:00:00+00:00, run_after=2026-09-26 12:00:00+00:00
[2026-09-26T09:09:32.678+0000] {processor.py:183} INFO - Processing /opt/airflow/dags/main.py took 0.422 seconds
[2026-09-26T09:10:02.991+0000] {processor.py:161} INFO - Started process (PID=88) to work on /opt/airflow/dags/main.py
[2026-09-26T09:10:02.994+0000] {processor.py:830} INFO - Processing file /opt/airflow/dags/main.py for tasks to queue
[2026-09-26T09:10:02.997+0000] {logging_mixin.py:188} INFO - [2026-09-26T09:10:02.997+0000] {dagbag.py:545} INFO - Filling up the DagBag from /opt/airflow/dags/main.py
[2026-09-26T09:10:03.237+0000] {processor.py:840} INFO - DAG(s) 'update_db' retrieved from /opt/airflow/dags/main.py
[2026-09-26T09:10:03.268+0000] {logging_mixin.py:188} INFO - [2026-09-26T09:10:03.268+0000] {dag.py:3096} INFO - Sync 1 DAGs
[2026-09-26T09:10:03.292+0000] {logging_mixin.py:188} INFO - [2026-09-26T09:10:03.292+0000] {dag.py:3954} INFO - Setting next_dagrun for update_db to 2026-09-25 12:00:00+00:00, run_after=2026-09-26 12:00:00+00:00
[2026-09-26T09:10:03.322+0000] {processor.py:183} INFO - Processing /opt/airflow/dags/main.py took 0.337 seconds
[2026-09-26T09:10:33.623+0000] {processor.py:161} INFO - Started process (PID=95) to work on /opt/airflow/dags/main.py
[2026-09-26T09:10:33.626+0000] {processor.py:830} INFO - Processing file /opt/airflow/dags/main.py for tasks to queue
[2026-09-26T09:10:33.630+0000] {logging_mixin.py:188} INFO - [2026-09-26T09:10:33.629+0000] {dagbag.py:545} INFO - Filling up the DagBag from /opt/airflow/dags/main.py
[2026-09-26T09:10:33.880+0000] {processor.py:840} INFO - DAG(s) 'update_db' retrieved from /opt/airflow/dags/main.py
[2026-09-26T09:10:33.915+0000] {logging_mixin.py:188} INFO - [2026-09-26T09:10:33.915+0000] {dag.py:3096} INFO - Sync 1 DAGs
[2026-09-26T09:10:33.937+0000] {logging_mixin.py:188} INFO - [2026-09-26T09:10:33.937+0000] {dag.py:3954} INFO - Setting next_dagrun for update_db to 2026-09-25 12:00:00+00:00, run_after=2026-09-26 12:00:00+00:00
[2026-09-26T09:10:33.962+0000] {processor.py:183} INFO - Processing /opt/airflow/dags/main.py took 0.347 seconds
[2026-09-26T09:11:04.289+0000] {processor.py:161} INFO - Started process (PID=102) to work on /opt/airflow/dags/main.py
[2026-09-26T09:11:04.292+0000] {processor.py:830} INFO - Processing file /opt/airflow/dags/main.py for tasks to queue
[2026-09-26T09:11:04.296+0000] {logging_mixin.py:188} INFO - [2026-09-26T09:11:04.296+0000] {dagbag.py:545} INFO - Filling up the DagBag from /opt/airflow/dags/main.py
[2026-09-26T09:11:04.519+0000] {processor.py:840} INFO - DAG(s) 'update_db' retrieved from /opt/airflow/dags/main.py
[2026-09-26T09:11:04.552+0000] {logging_mixin.py:188} INFO - [2026-09-26T09:11:04.551+0000] {dag.py:3096} INFO - Sync 1 DAGs
[2026-09-26T09:11:04.573+0000] {logging_mixin.py:188} INFO - [2026-09-26T09:11:04.573+0000] {dag.py:3954} INFO - Setting next_dagrun for update_db to 2026-09-25 12:00:00+00:00, run_after=2026-09-26 12:00:00+00:00
[2026-09-26T09:11:04.593+0000] {processor.py:183} INFO - Processing /opt/airflow/dags/main.py took 0.310 seconds
