[2026-09-30T12:07:37.449+0000] {local_task_job_runner.py:120} INFO - ::group::Pre task execution logs
[2026-09-30T12:07:37.526+0000] {taskinstance.py:2076} INFO - Dependencies all met for dep_context=non-requeueable deps ti=<TaskInstance: update_db.staging_table scheduled__2026-09-29T12:00:00+00:00 [queued]>
[2026-09-30T12:07:37.557+0000] {taskinstance.py:2076} INFO - Dependencies all met for dep_context=requeueable deps ti=<TaskInstance: update_db.staging_table scheduled__2026-09-29T12:00:00+00:00 [queued]>
[2026-09-30T12:07:37.562+0000] {taskinstance.py:2306} INFO - Starting attempt 1 of 1
[2026-09-30T12:07:37.600+0000] {taskinstance.py:2330} INFO - Executing <Task(_PythonDecoratedOperator): staging_table> on 2026-09-29 12:00:00+00:00
[2026-09-30T12:07:37.622+0000] {standard_task_runner.py:63} INFO - Started process 77 to run task
[2026-09-30T12:07:37.646+0000] {standard_task_runner.py:90} INFO - Running: ['airflow', 'tasks', 'run', 'update_db', 'staging_table', 'scheduled__2026-09-29T12:00:00+00:00', '--job-id', '75', '--raw', '--subdir', 'DAGS_FOLDER/main.py', '--cfg-path', '/tmp/tmpjbrja6s6']
[2026-09-30T12:07:37.653+0000] {standard_task_runner.py:91} INFO - Job 75: Subtask staging_table
[2026-09-30T12:07:37.891+0000] {task_command.py:426} INFO - Running <TaskInstance: update_db.staging_table scheduled__2026-09-29T12:00:00+00:00 [running]> on host 812560b7d3e7
[2026-09-30T12:07:38.253+0000] {taskinstance.py:2648} INFO - Exporting env vars: AIRFLOW_CTX_DAG_EMAIL='data@engineer.com' AIRFLOW_CTX_DAG_OWNER='data engineer' AIRFLOW_CTX_DAG_ID='update_db' AIRFLOW_CTX_TASK_ID='staging_table' AIRFLOW_CTX_EXECUTION_DATE='2026-09-29T12:00:00+00:00' AIRFLOW_CTX_TRY_NUMBER='1' AIRFLOW_CTX_DAG_RUN_ID='scheduled__2026-09-29T12:00:00+00:00'
[2026-09-30T12:07:38.264+0000] {taskinstance.py:430} INFO - ::endgroup::
[2026-09-30T12:07:38.329+0000] {base.py:84} INFO - Using connection ID 'postgres_db_yt_elt' for task execution.
[2026-09-30T12:07:38.354+0000] {data_loading.py:10} INFO - Processing file: YT_data2026-09-30
[2026-09-30T12:07:38.360+0000] {data_loading.py:16} ERROR - File not found:./data/Yt_data_2026-09-30.json
[2026-09-30T12:07:38.364+0000] {dwh.py:44} ERROR - An error occurred during the updates of staging table: [Errno 2] No such file or directory: './data/Yt_data_2026-09-30.json'
[2026-09-30T12:07:38.368+0000] {taskinstance.py:441} INFO - ::group::Post task execution logs
[2026-09-30T12:07:38.374+0000] {taskinstance.py:2905} ERROR - Task failed with exception
Traceback (most recent call last):
  File "/home/airflow/.local/lib/python3.10/site-packages/airflow/models/taskinstance.py", line 465, in _execute_task
    result = _execute_callable(context=context, **execute_callable_kwargs)
  File "/home/airflow/.local/lib/python3.10/site-packages/airflow/models/taskinstance.py", line 432, in _execute_callable
    return execute_callable(context=context, **execute_callable_kwargs)
  File "/home/airflow/.local/lib/python3.10/site-packages/airflow/models/baseoperator.py", line 401, in wrapper
    return func(self, *args, **kwargs)
  File "/home/airflow/.local/lib/python3.10/site-packages/airflow/decorators/base.py", line 265, in execute
    return_value = super().execute(context)
  File "/home/airflow/.local/lib/python3.10/site-packages/airflow/models/baseoperator.py", line 401, in wrapper
    return func(self, *args, **kwargs)
  File "/home/airflow/.local/lib/python3.10/site-packages/airflow/operators/python.py", line 235, in execute
    return_value = self.execute_callable()
  File "/home/airflow/.local/lib/python3.10/site-packages/airflow/operators/python.py", line 252, in execute_callable
    return self.python_callable(*self.op_args, **self.op_kwargs)
  File "/opt/airflow/dags/datawarehouse/dwh.py", line 45, in staging_table
    raise e
  File "/opt/airflow/dags/datawarehouse/dwh.py", line 20, in staging_table
    YT_data = load_data()
  File "/opt/airflow/dags/datawarehouse/data_loading.py", line 12, in load_data
    with open(file_path, 'r', encoding='utf-8') as raw_data:
FileNotFoundError: [Errno 2] No such file or directory: './data/Yt_data_2026-09-30.json'
[2026-09-30T12:07:38.467+0000] {taskinstance.py:1206} INFO - Marking task as FAILED. dag_id=update_db, task_id=staging_table, run_id=scheduled__2026-09-29T12:00:00+00:00, execution_date=20260929T120000, start_date=20260930T120737, end_date=20260930T120738
[2026-09-30T12:07:38.518+0000] {standard_task_runner.py:110} ERROR - Failed to execute job 75 for task staging_table ([Errno 2] No such file or directory: './data/Yt_data_2026-09-30.json'; 77)
[2026-09-30T12:07:38.549+0000] {local_task_job_runner.py:240} INFO - Task exited with return code 1
[2026-09-30T12:07:38.627+0000] {taskinstance.py:3503} INFO - 0 downstream tasks scheduled from follow-on schedule check
[2026-09-30T12:07:38.643+0000] {local_task_job_runner.py:222} INFO - ::endgroup::
