[2026-09-24T09:09:46.692+0000] {local_task_job_runner.py:120} INFO - ::group::Pre task execution logs
[2026-09-24T09:09:46.715+0000] {taskinstance.py:2076} INFO - Dependencies all met for dep_context=non-requeueable deps ti=<TaskInstance: update_db.staging_table manual__2026-09-24T09:09:44.336944+00:00 [queued]>
[2026-09-24T09:09:46.724+0000] {taskinstance.py:2076} INFO - Dependencies all met for dep_context=requeueable deps ti=<TaskInstance: update_db.staging_table manual__2026-09-24T09:09:44.336944+00:00 [queued]>
[2026-09-24T09:09:46.728+0000] {taskinstance.py:2306} INFO - Starting attempt 1 of 1
[2026-09-24T09:09:46.742+0000] {taskinstance.py:2330} INFO - Executing <Task(_PythonDecoratedOperator): staging_table> on 2026-09-24 09:09:44.336944+00:00
[2026-09-24T09:09:46.749+0000] {standard_task_runner.py:63} INFO - Started process 197 to run task
[2026-09-24T09:09:46.753+0000] {standard_task_runner.py:90} INFO - Running: ['airflow', 'tasks', 'run', 'update_db', 'staging_table', 'manual__2026-09-24T09:09:44.336944+00:00', '--job-id', '14', '--raw', '--subdir', 'DAGS_FOLDER/main.py', '--cfg-path', '/tmp/tmp7vbd2g7h']
[2026-09-24T09:09:46.756+0000] {standard_task_runner.py:91} INFO - Job 14: Subtask staging_table
[2026-09-24T09:09:46.814+0000] {task_command.py:426} INFO - Running <TaskInstance: update_db.staging_table manual__2026-09-24T09:09:44.336944+00:00 [running]> on host 7275a82dfbe5
[2026-09-24T09:09:46.887+0000] {taskinstance.py:2648} INFO - Exporting env vars: AIRFLOW_CTX_DAG_EMAIL='data@engineer.com' AIRFLOW_CTX_DAG_OWNER='data engineer' AIRFLOW_CTX_DAG_ID='update_db' AIRFLOW_CTX_TASK_ID='staging_table' AIRFLOW_CTX_EXECUTION_DATE='2026-09-24T09:09:44.336944+00:00' AIRFLOW_CTX_TRY_NUMBER='1' AIRFLOW_CTX_DAG_RUN_ID='manual__2026-09-24T09:09:44.336944+00:00'
[2026-09-24T09:09:46.890+0000] {taskinstance.py:430} INFO - ::endgroup::
[2026-09-24T09:09:46.899+0000] {base.py:84} INFO - Using connection ID 'postgres_db_yt_elt' for task execution.
[2026-09-24T09:09:46.906+0000] {data_loading.py:10} INFO - Processing file: YT_data2026-09-24
[2026-09-24T09:09:46.908+0000] {data_loading.py:16} ERROR - File not found:./data/Yt_data_2026-09-24.json
[2026-09-24T09:09:46.910+0000] {dwh.py:42} ERROR - An error occured during the updates of staging table: [Errno 2] No such file or directory: './data/Yt_data_2026-09-24.json'
[2026-09-24T09:09:46.912+0000] {taskinstance.py:441} INFO - ::group::Post task execution logs
[2026-09-24T09:09:46.914+0000] {taskinstance.py:2905} ERROR - Task failed with exception
Traceback (most recent call last):
  File "/home/airflow/.local/lib/python3.10/site-packages/airflow/models/taskinstance.py", line 465, in _execute_task
    result = _execute_callable(context=context, **execute_callable_kwargs)
  File "/home/airflow/.local/lib/python3.10/site-packages/airflow/models/taskinstance.py", line 432, in _execute_callable
    return execute_callable(context=context, **execute_callable_kwargs)
  File "/home/airflow/.local/lib/python3.10/site-packages/airflow/models/baseoperator.py", line 401, in wrapper
    return func(self, *args, **kwargs)
  File "/home/airflow/.local/lib/python3.10/site-packages/airflow/decorators/base.py", line 265, in execute
    return_value = super().execute(context)
  File "/home/airflow/.local/lib/python3.10/site-packages/airflow/models/baseoperator.py", line 401, in wrapper
    return func(self, *args, **kwargs)
  File "/home/airflow/.local/lib/python3.10/site-packages/airflow/operators/python.py", line 235, in execute
    return_value = self.execute_callable()
  File "/home/airflow/.local/lib/python3.10/site-packages/airflow/operators/python.py", line 252, in execute_callable
    return self.python_callable(*self.op_args, **self.op_kwargs)
  File "/opt/airflow/dags/datawarehouse/dwh.py", line 43, in staging_table
    raise e
  File "/opt/airflow/dags/datawarehouse/dwh.py", line 20, in staging_table
    YT_data = load_data()
  File "/opt/airflow/dags/datawarehouse/data_loading.py", line 12, in load_data
    with open(file_path, 'r', encoding='utf-8') as raw_data:
FileNotFoundError: [Errno 2] No such file or directory: './data/Yt_data_2026-09-24.json'
[2026-09-24T09:09:46.955+0000] {taskinstance.py:1206} INFO - Marking task as FAILED. dag_id=update_db, task_id=staging_table, run_id=manual__2026-09-24T09:09:44.336944+00:00, execution_date=20260924T090944, start_date=20260924T090946, end_date=20260924T090946
[2026-09-24T09:09:46.972+0000] {standard_task_runner.py:110} ERROR - Failed to execute job 14 for task staging_table ([Errno 2] No such file or directory: './data/Yt_data_2026-09-24.json'; 197)
[2026-09-24T09:09:47.009+0000] {local_task_job_runner.py:240} INFO - Task exited with return code 1
[2026-09-24T09:09:47.032+0000] {taskinstance.py:3503} INFO - 0 downstream tasks scheduled from follow-on schedule check
[2026-09-24T09:09:47.039+0000] {local_task_job_runner.py:222} INFO - ::endgroup::
