[2026-09-23T16:38:59.430+0000] {local_task_job_runner.py:120} INFO - ::group::Pre task execution logs
[2026-09-23T16:38:59.454+0000] {taskinstance.py:2076} INFO - Dependencies all met for dep_context=non-requeueable deps ti=<TaskInstance: produce_json.get_playlist_id scheduled__2026-09-22T12:00:00+00:00 [queued]>
[2026-09-23T16:38:59.463+0000] {taskinstance.py:2076} INFO - Dependencies all met for dep_context=requeueable deps ti=<TaskInstance: produce_json.get_playlist_id scheduled__2026-09-22T12:00:00+00:00 [queued]>
[2026-09-23T16:38:59.466+0000] {taskinstance.py:2306} INFO - Starting attempt 1 of 1
[2026-09-23T16:38:59.479+0000] {taskinstance.py:2330} INFO - Executing <Task(_PythonDecoratedOperator): get_playlist_id> on 2026-09-22 12:00:00+00:00
[2026-09-23T16:38:59.486+0000] {standard_task_runner.py:63} INFO - Started process 710 to run task
[2026-09-23T16:38:59.489+0000] {standard_task_runner.py:90} INFO - Running: ['airflow', 'tasks', 'run', 'produce_json', 'get_playlist_id', 'scheduled__2026-09-22T12:00:00+00:00', '--job-id', '5', '--raw', '--subdir', 'DAGS_FOLDER/main.py', '--cfg-path', '/tmp/tmptxya021w']
[2026-09-23T16:38:59.492+0000] {standard_task_runner.py:91} INFO - Job 5: Subtask get_playlist_id
[2026-09-23T16:38:59.546+0000] {task_command.py:426} INFO - Running <TaskInstance: produce_json.get_playlist_id scheduled__2026-09-22T12:00:00+00:00 [running]> on host a9087d65ca54
[2026-09-23T16:38:59.613+0000] {taskinstance.py:2648} INFO - Exporting env vars: AIRFLOW_CTX_DAG_EMAIL='data@engineer.com' AIRFLOW_CTX_DAG_OWNER='data engineer' AIRFLOW_CTX_DAG_ID='produce_json' AIRFLOW_CTX_TASK_ID='get_playlist_id' AIRFLOW_CTX_EXECUTION_DATE='2026-09-22T12:00:00+00:00' AIRFLOW_CTX_TRY_NUMBER='1' AIRFLOW_CTX_DAG_RUN_ID='scheduled__2026-09-22T12:00:00+00:00'
[2026-09-23T16:38:59.616+0000] {taskinstance.py:430} INFO - ::endgroup::
[2026-09-23T16:38:59.625+0000] {taskinstance.py:441} INFO - ::group::Post task execution logs
[2026-09-23T16:38:59.627+0000] {taskinstance.py:2905} ERROR - Task failed with exception
Traceback (most recent call last):
  File "/home/airflow/.local/lib/python3.10/site-packages/airflow/models/taskinstance.py", line 465, in _execute_task
    result = _execute_callable(context=context, **execute_callable_kwargs)
  File "/home/airflow/.local/lib/python3.10/site-packages/airflow/models/taskinstance.py", line 432, in _execute_callable
    return execute_callable(context=context, **execute_callable_kwargs)
  File "/home/airflow/.local/lib/python3.10/site-packages/airflow/models/baseoperator.py", line 401, in wrapper
    return func(self, *args, **kwargs)
  File "/home/airflow/.local/lib/python3.10/site-packages/airflow/decorators/base.py", line 265, in execute
    return_value = super().execute(context)
  File "/home/airflow/.local/lib/python3.10/site-packages/airflow/models/baseoperator.py", line 401, in wrapper
    return func(self, *args, **kwargs)
  File "/home/airflow/.local/lib/python3.10/site-packages/airflow/operators/python.py", line 235, in execute
    return_value = self.execute_callable()
  File "/home/airflow/.local/lib/python3.10/site-packages/airflow/operators/python.py", line 252, in execute_callable
    return self.python_callable(*self.op_args, **self.op_kwargs)
  File "/opt/airflow/dags/api/video_stats.py", line 14, in get_playlist_id
    CHANNEL = Variable.get('CHANNEL')          # ✅ use the key name you set in Airflow UI
  File "/home/airflow/.local/lib/python3.10/site-packages/airflow/models/variable.py", line 143, in get
    raise KeyError(f"Variable {key} does not exist")
KeyError: 'Variable CHANNEL does not exist'
[2026-09-23T16:38:59.647+0000] {taskinstance.py:1206} INFO - Marking task as FAILED. dag_id=produce_json, task_id=get_playlist_id, run_id=scheduled__2026-09-22T12:00:00+00:00, execution_date=20260922T120000, start_date=20260923T163859, end_date=20260923T163859
[2026-09-23T16:38:59.659+0000] {standard_task_runner.py:110} ERROR - Failed to execute job 5 for task get_playlist_id ('Variable CHANNEL does not exist'; 710)
[2026-09-23T16:38:59.706+0000] {local_task_job_runner.py:240} INFO - Task exited with return code 1
[2026-09-23T16:38:59.727+0000] {taskinstance.py:3503} INFO - 0 downstream tasks scheduled from follow-on schedule check
[2026-09-23T16:38:59.733+0000] {local_task_job_runner.py:222} INFO - ::endgroup::
